// Jest Snapshot v1, https://goo.gl/fbAQLP

exports[`WorkflowVersionDetailsContent should match known snapshot 1`] = `
Array [
  <header
    className="makeStyles-container-1"
  >
    <h5
      className="MuiTypography-root makeStyles-title-2 MuiTypography-h5"
    >
      my_workflow
    </h5>
    <p
      className="MuiTypography-root MuiTypography-body1"
    >
      abcdefg
    </p>
  </header>,
  <header
    className="makeStyles-container-3"
  >
    <h6
      className="MuiTypography-root makeStyles-title-4 MuiTypography-h6"
    >
      Workflow Graph
    </h6>
  </header>,
]
`;
