{"workflow":{"id":{"name":"workflow-with-inputs"},"interface":{"inputs":{"variables":{"x":{"type":{"simple":"INTEGER"}},"y":{"type":{"collectionType":{"simple":"STRING"}}}}}},"nodes":[{"id":"node-1","inputs":[{"var":"x","binding":{"promise":{"var":"x"}}},{"var":"y","binding":{"promise":{"var":"y"}}}],"taskNode":{"referenceId":{"name":"task-1"}}},{"id":"node-2","taskNode":{"referenceId":{"name":"task-2"}}}]},"tasks":[{"id":{"name":"task-1"},"interface":{"inputs":{"variables":{"x":{"type":{"simple":"INTEGER"}},"y":{"type":{"collectionType":{"simple":"STRING"}}}}}},"container":{"image":"myflyteimage:latest","command":["execute-task"],"args":["testArg"],"resources":{"requests":[{"name":"CPU","value":"2"},{"name":"MEMORY","value":"2048Mi"}]}}},{"id":{"name":"task-2"},"interface":{"inputs":{"variables":{}}},"container":{"image":"myflyteimage:latest","command":["execute-task"],"args":["testArg"]}}]}