// Jest Snapshot v1, https://goo.gl/fbAQLP

exports[`DetailsGroup matches the known snapshot 1`] = `
<section
  className="makeStyles-rowsContainer-26"
>
  <div
    className="makeStyles-rowContainer-27"
  >
    <div
      className="makeStyles-groupLabel-28 makeStyles-textMuted-22"
      style={
        Object {
          "minWidth": "112px",
          "width": "112px",
        }
      }
    >
      item1
    </div>
    <div>
      a simple string
    </div>
  </div>
  <div
    className="makeStyles-rowContainer-27"
  >
    <div
      className="makeStyles-groupLabel-28 makeStyles-textMuted-22"
      style={
        Object {
          "minWidth": "112px",
          "width": "112px",
        }
      }
    >
      item2
    </div>
    <div>
      <div>
        A React node
      </div>
    </div>
  </div>
</section>
`;
